// Vitest Snapshot v1, https://vitest.dev/guide/snapshot.html

exports[`Rebaser > Rebasing > Should create rebase commits 1`] = `
[
  {
    "files": [
      {
        "changes": [
          {
            "dependencies": [],
            "fileType": "text",
            "hash": "123",
            "index": 0,
            "isSetBeforeDependent": false,
            "linesChangedCount": 0,
            "modificationRange": [
              2,
              2,
            ],
            "modifications": [
              "-  "private": true,",
              "+  "private": false,",
            ],
            "originalHash": "123",
            "path": "package.json",
            "type": "MODIFY",
          },
        ],
        "fileName": "package.json",
        "hasChangeSetBeforeDependent": false,
        "hasChanges": false,
      },
    ],
    "hasChangeSetBeforeDependent": false,
    "hash": "123",
    "message": "Whatever",
  },
]
`;
